---
date: "2023-12-25"
draft: false
lastmod: "2023-12-25"
publishdate: "2023-12-25"
tags:
- db
title: åˆ†åº“åˆ†è¡¨ä¹‹shardingsphere-proxy demo
---

å½“å‰ç¤ºä¾‹åœºæ™¯ï¼šæŸè®¢å•ç³»ç»ŸåŸºäºç”¨æˆ·çº¬åº¦åˆ†åº“ï¼Œå¹¶å¯¹è®¢å•è¡¨å’Œè®¢å•å­—è¡¨åŒæ—¶è¿›è¡Œåˆ†è¡¨ã€‚

## Step 1 ï¼šå®‰è£…å¯åŠ¨mysql

macç³»ç»ŸIntelèŠ¯ç‰‡ï¼Œæ­¤å¤„ä½¿ç”¨Dockeræ–¹å¼å¯åŠ¨mysqlã€‚

æ‹‰å–mysqlé•œåƒ

> docker pull mysql:5.7

åˆ›å»ºæœ¬åœ°å­˜å‚¨å·

> docker volume create mysql-docker-volume

æŸ¥çœ‹åˆ›å»ºç»“æœ

> docker volume ls

å°†mysqlæ•°æ®åº“æ•°æ®å…³è”åˆ°æœ¬åœ°å·

> docker run -d --name mysql-test -p 3306:3306 -v mysql-docker-volume:/var/lib/mysql -e MYSQL_ROOT_PASSWORD=1qaz2wsx mysql:latest



## Step 2 ï¼šåˆå§‹åŒ–mysqlæ•°æ®åº“

* åˆ›å»ºä¸¤ä¸ªæ•°æ®åº“ demo_ds_0å’Œdemo_ds_1
* åˆ†åˆ«åœ¨ä¸¤ä¸ªæ•°æ®åº“åˆå§‹åŒ–è¡¨

```sql
CREATE DATABASE `demo_ds_0` DEFAULT CHARACTER SET utf8mb4 COLLATE utf8mb4_general_ci;

USE demo_ds_0;

-- demo_ds_0.t_account definition

CREATE TABLE `t_account` (
  `account_id` varchar(100) CHARACTER SET utf8mb4 COLLATE utf8mb4_general_ci NOT NULL,
  `user_code` varchar(100) CHARACTER SET utf8mb4 COLLATE utf8mb4_general_ci NOT NULL,
  `name` varchar(100) CHARACTER SET utf8mb4 COLLATE utf8mb4_general_ci NOT NULL,
  `phone` varchar(20) CHARACTER SET utf8mb4 COLLATE utf8mb4_general_ci DEFAULT NULL,
  `pwd` varchar(100) CHARACTER SET utf8mb4 COLLATE utf8mb4_general_ci NOT NULL,
  PRIMARY KEY (`account_id`)
) ENGINE=InnoDB DEFAULT CHARSET=utf8mb4 COLLATE=utf8mb4_general_ci;


-- demo_ds_0.t_area definition

CREATE TABLE `t_area` (
  `id` bigint NOT NULL,
  `code` varchar(8) CHARACTER SET utf8mb4 COLLATE utf8mb4_general_ci NOT NULL,
  `name` varchar(200) COLLATE utf8mb4_general_ci NOT NULL,
  PRIMARY KEY (`id`)
) ENGINE=InnoDB DEFAULT CHARSET=utf8mb4 COLLATE=utf8mb4_general_ci;

-- demo_ds_0.t_order_0 definition
CREATE TABLE `t_order_0` (
  `order_id` varchar(100) CHARACTER SET utf8mb4 COLLATE utf8mb4_general_ci NOT NULL,
  `account_id` varchar(100) COLLATE utf8mb4_general_ci NOT NULL,
  `description` varchar(300) COLLATE utf8mb4_general_ci DEFAULT NULL,
  `create_at` datetime NOT NULL,
  PRIMARY KEY (`order_id`)
) ENGINE=InnoDB DEFAULT CHARSET=utf8mb4 COLLATE=utf8mb4_general_ci;

-- demo_ds_0.t_order_1 definition
CREATE TABLE `t_order_1` (
  `order_id` varchar(100) CHARACTER SET utf8mb4 COLLATE utf8mb4_general_ci NOT NULL,
  `account_id` varchar(100) COLLATE utf8mb4_general_ci NOT NULL,
  `description` varchar(300) COLLATE utf8mb4_general_ci DEFAULT NULL,
  `create_at` datetime NOT NULL,
  PRIMARY KEY (`order_id`)
) ENGINE=InnoDB DEFAULT CHARSET=utf8mb4 COLLATE=utf8mb4_general_ci;


-- demo_ds_0.t_order_item_0 definition

CREATE TABLE `t_order_item_0` (
  `order_item_id` varchar(100) COLLATE utf8mb4_general_ci NOT NULL,
  `account_id` varchar(100) COLLATE utf8mb4_general_ci NOT NULL,
  `order_id` varchar(100) COLLATE utf8mb4_general_ci NOT NULL,
  `product_code` varchar(100) COLLATE utf8mb4_general_ci NOT NULL,
  `number` int NOT NULL,
  PRIMARY KEY (`order_item_id`)
) ENGINE=InnoDB DEFAULT CHARSET=utf8mb4 COLLATE=utf8mb4_general_ci;

-- demo_ds_0.t_order_item_1 definition

CREATE TABLE `t_order_item_1` (
  `order_item_id` varchar(100) COLLATE utf8mb4_general_ci NOT NULL,
  `account_id` varchar(100) COLLATE utf8mb4_general_ci NOT NULL,
  `order_id` varchar(100) COLLATE utf8mb4_general_ci NOT NULL,
  `product_code` varchar(100) COLLATE utf8mb4_general_ci NOT NULL,
  `number` int NOT NULL,
  PRIMARY KEY (`order_item_id`)
) ENGINE=InnoDB DEFAULT CHARSET=utf8mb4 COLLATE=utf8mb4_general_ci;




CREATE DATABASE `demo_ds_1` DEFAULT CHARACTER SET utf8mb4 COLLATE utf8mb4_general_ci;
USE demo_ds_1;

-- demo_ds_1.t_account definition
CREATE TABLE `t_account` (
  `account_id` varchar(100) CHARACTER SET utf8mb4 COLLATE utf8mb4_general_ci NOT NULL,
  `user_code` varchar(100) CHARACTER SET utf8mb4 COLLATE utf8mb4_general_ci NOT NULL,
  `name` varchar(100) CHARACTER SET utf8mb4 COLLATE utf8mb4_general_ci NOT NULL,
  `phone` varchar(20) CHARACTER SET utf8mb4 COLLATE utf8mb4_general_ci DEFAULT NULL,
  `pwd` varchar(100) CHARACTER SET utf8mb4 COLLATE utf8mb4_general_ci NOT NULL,
  PRIMARY KEY (`account_id`)
) ENGINE=InnoDB DEFAULT CHARSET=utf8mb4 COLLATE=utf8mb4_general_ci;


-- demo_ds_1.t_area definition

CREATE TABLE `t_area` (
  `id` bigint NOT NULL,
  `code` varchar(8) CHARACTER SET utf8mb4 COLLATE utf8mb4_general_ci NOT NULL,
  `name` varchar(200) COLLATE utf8mb4_general_ci NOT NULL,
  PRIMARY KEY (`id`)
) ENGINE=InnoDB DEFAULT CHARSET=utf8mb4 COLLATE=utf8mb4_general_ci;


-- demo_ds_1.t_order_0 definition
CREATE TABLE `t_order_0` (
  `order_id` varchar(100) CHARACTER SET utf8mb4 COLLATE utf8mb4_general_ci NOT NULL,
  `account_id` varchar(100) COLLATE utf8mb4_general_ci NOT NULL,
  `description` varchar(300) COLLATE utf8mb4_general_ci DEFAULT NULL,
  `create_at` datetime NOT NULL,
  PRIMARY KEY (`order_id`)
) ENGINE=InnoDB DEFAULT CHARSET=utf8mb4 COLLATE=utf8mb4_general_ci;


-- demo_ds_1.t_order_1 definition
CREATE TABLE `t_order_1` (
  `order_id` varchar(100) CHARACTER SET utf8mb4 COLLATE utf8mb4_general_ci NOT NULL,
  `account_id` varchar(100) COLLATE utf8mb4_general_ci NOT NULL,
  `description` varchar(300) COLLATE utf8mb4_general_ci DEFAULT NULL,
  `create_at` datetime NOT NULL,
  PRIMARY KEY (`order_id`)
) ENGINE=InnoDB DEFAULT CHARSET=utf8mb4 COLLATE=utf8mb4_general_ci;


-- demo_ds_1.t_order_item_0 definition

CREATE TABLE `t_order_item_0` (
  `order_item_id` varchar(100) COLLATE utf8mb4_general_ci NOT NULL,
  `account_id` varchar(100) COLLATE utf8mb4_general_ci NOT NULL,
  `order_id` varchar(100) COLLATE utf8mb4_general_ci NOT NULL,
  `product_code` varchar(100) COLLATE utf8mb4_general_ci NOT NULL,
  `number` int COLLATE utf8mb4_general_ci NOT NULL,
  PRIMARY KEY (`order_item_id`)
) ENGINE=InnoDB DEFAULT CHARSET=utf8mb4 COLLATE=utf8mb4_general_ci;

-- demo_ds_1.t_order_item_1 definition

CREATE TABLE `t_order_item_1` (
  `order_item_id` varchar(100) COLLATE utf8mb4_general_ci NOT NULL,
  `account_id` varchar(100) COLLATE utf8mb4_general_ci NOT NULL,
  `order_id` varchar(100) COLLATE utf8mb4_general_ci NOT NULL,
  `product_code` varchar(100) COLLATE utf8mb4_general_ci NOT NULL,
  `number` int COLLATE utf8mb4_general_ci NOT NULL,
  PRIMARY KEY (`order_item_id`)
) ENGINE=InnoDB DEFAULT CHARSET=utf8mb4 COLLATE=utf8mb4_general_ci;
```



## Step 3 : å¯åŠ¨Shardingsphere-Proxy 

è¿™é‡Œå¯ä»¥ä½¿ç”¨æœ¬åœ°å¯åŠ¨æˆ–è€…Dockeræ–¹å¼ï¼Œå¦‚æœåªæ˜¯æ¼”ç¤ºï¼Œæœ¬åœ°æ–¹å¼æ›´ç®€å•ä¸€ç‚¹ã€‚å½“å‰shardingsphere-proxyæœ€æ–°è„šæœ¬ä¸º5.4.1ï¼ŒäºŒè¿›åˆ¶æ–¹å¼éœ€è¦æœ¬åœ°æœ‰java 8 ä»¥ä¸Šç¯å¢ƒã€‚

### äºŒè¿›åˆ¶å¯åŠ¨

1. [ä¸‹è½½](https://shardingsphere.apache.org/document/current/en/downloads/)äºŒè¿›åˆ¶åŒ…å¹¶è§£å‹ç¼© https://dlcdn.apache.org/shardingsphere/5.4.1/apache-shardingsphere-5.4.1-shardingsphere-proxy-bin.tar.gz

   > tar -zxvf apache-shardingsphere-5.4.1-shardingsphere-proxy-bin.tar.gz

   ç›®å½•è¯´æ˜ï¼š

   * conf ï½œé…ç½®æ–‡ä»¶åŒ…ï¼Œshardingsphereç›¸å…³çš„é…ç½®å‡åœ¨è¿™é‡Œï¼Œå¦‚æœåŠ¡å™¨é“¾æ¥é…ç½®ï¼Œåˆ†ç‰‡é…ç½®ï¼ŒåŠ å¯†é…ç½®ç­‰
   * bin | æœåŠ¡å¯åœè„šæœ¬

2. ä¿®æ”¹é…ç½®æ–‡ä»¶(è¿™ä»…ä»…æ˜¯ä¸€ä¸ªæµ‹è¯•demoé…ç½®ï¼Œç”Ÿäº§ç¯å¢ƒéœ€è¦æ›´ä¸¥è°¨ï¼Œæ¯”å¦‚å®‰å…¨è¿æ¥ä»¥åŠåˆ†ç‰‡ç­–ç•¥æ˜¯å¦ä½¿ç”¨ä¸€è‡´æ€§hashç¡®ä¿æœªæ¥æ‰©å±•ç­‰ã€‚[ğŸ‘‰è¯¦ç»†é…ç½®è¯´æ˜å®˜æ–¹å‚è€ƒæ–‡æ¡£](https://shardingsphere.apache.org/document/current/cn/user-manual/shardingsphere-proxy/yaml-config/))

   * æ•°æ®åº“æœåŠ¡å™¨è¿æ¥é…ç½® server.yaml

     ```yaml
     mode:
       type: Standalone
       repository:
         type: JDBC
     authority:
      users:
        - user: root@%
          password: root
        - user: sharding
          password: sharding
      privilege:
        type: ALL_PERMITTED
        
        
     props:
       sql-show: true
       proxy-hint-enabled: true
     ```

   * åˆ†ç‰‡é…ç½® config-sharding.yaml

     ```yaml
     databaseName: sharding_db_demo
     dataSources:
       ds_0:
         url: jdbc:mysql://127.0.0.1:3306/demo_ds_0?serverTimezone=UTC&useSSL=false&useUnicode=true&characterEncoding=UTF-8
         username: root
         password: 1qaz2wsx
       ds_1:
         url: jdbc:mysql://127.0.0.1:3306/demo_ds_1?serverTimezone=UTC&useSSL=false&useUnicode=true&characterEncoding=UTF-8
         username: root
         password: 1qaz2wsx
     
     rules:
     - !SHARDING
       tables:
         t_order: 
           actualDataNodes: ds_${0..1}.t_order_${0..1}
           tableStrategy: 
             standard:
               shardingColumn: order_id
               shardingAlgorithmName: t_order_inline
           keyGenerateStrategy:
             column: order_id
             keyGeneratorName: snowflake
           auditStrategy:
             auditorNames:
               - sharding_key_required_auditor
             allowHintDisable: true
         t_order_item:
           actualDataNodes: ds_${0..1}.t_order_item_${0..1}
           tableStrategy:
             standard:
               shardingColumn: order_id
               shardingAlgorithmName: t_order_item_inline
           keyGenerateStrategy:
             column: order_item_id
             keyGeneratorName: snowflake
         t_account:
           actualDataNodes: ds_${0..1}.t_account
           tableStrategy:
             standard:
               shardingAlgorithmName: t_account_inline
           keyGenerateStrategy:
             column: account_id
             keyGeneratorName: snowflake
       defaultShardingColumn: order_id
       bindingTables:
         - t_account,t_order,t_order_item
       defaultDatabaseStrategy:
         standard:
           shardingColumn: account_id
           shardingAlgorithmName: database_inline
       defaultTableStrategy:
         none:
       
       shardingAlgorithms:
         database_inline:
           type: INLINE
           props:
             algorithm-expression: ds_${account_id % 2}
             allow-range-query-with-inline-sharding: true
         t_order_inline:
           type: INLINE
           props:
             algorithm-expression: t_order_${order_id % 2}
         t_order_item_inline:
           type: INLINE
           props:
             algorithm-expression: t_order_item_${order_id % 2}
         t_account_inline:
           type: INLINE
           props:
             algorithm-expression: t_account_${account_id % 2}
       keyGenerators:
         snowflake:
           type: SNOWFLAKE
       auditors:
         sharding_key_required_auditor:
           type: DML_SHARDING_CONDITIONS
     
     - !BROADCAST
       tables:
         - t_area
     ```

     

3. å¯åŠ¨æœåŠ¡

   > ./start.sh -p 13306

   å¯åŠ¨è¿‡ç¨‹å¯èƒ½å‡ºç°ç«¯å£è¢«å ç”¨çš„é”™è¯¯ä¿¡æ¯ï¼Œå¯ä»¥æ ¹æ®å®é™…éœ€è¦è¿›è¡Œç«¯å£è°ƒæ•´ã€‚psï¼šæ—¥å¿—é»˜è®¤åœ¨å‹ç¼©åŒ…çš„logsç›®å½•ä¸‹

4. è¿æ¥shardingsphere

   1. å¯ä»¥ä½¿ç”¨æ•°æ®åº“å®¢æˆ·ç«¯å¦‚mysql workbench  / dbeaver / navicatç­‰ï¼Œä¸è¿‡shardingsphereæ”¯æŒæ€§ä¸€èˆ¬ï¼Œæ¯”å¦‚ä½ å¯ä»¥è¿›è¡Œæ­£å¸¸çš„æŸ¥è¯¢æ’å…¥æ“ä½œï¼Œä½†æ˜¯å¯¹äºç³»ç»Ÿè¡¨ç›¸å…³ä¿¡æ¯æŸ¥è¯¢ä¸èƒ½æ”¯æŒã€‚

   2. é€šè¿‡mysql clientè¿›è¡Œæ“ä½œ

      > mysql -h127.0.0.1 -P13306 -u sharding -p --comments

      --commentså‚æ•°çš„æ·»åŠ ä¸ºäº†è§£å†³Not allow DML operation without sharding conditionsæŠ¥é”™é—®é¢˜ï¼Œåœ¨æŸ¥è¯¢è¿‡ç¨‹ä¸­å¦‚æœæ²¡æœ‰åˆ†ç‰‡æ¡ä»¶å¯èƒ½ä¸å…è®¸æŸ¥è¯¢ï¼Œé€šè¿‡åœ¨è¿æ¥æ—¶å¢åŠ è¯¥å‚æ•°å¹¶åœ¨æ‰§è¡Œsqlæ—¶æ·»åŠ æ³¨é‡Šè·³è¿‡è¯¥æ£€æŸ¥

      > /* ShardingSphere hint: disableAuditNames=sharding_key_required_auditor*/

      æˆ–

      > /* SHARDINGSPHERE_HINT: disableAuditNames=sharding_key_required_auditor */ 


### Dockeræ–¹å¼å¯åŠ¨å‚è€ƒ [å®˜æ–¹æ–‡æ¡£](https://shardingsphere.apache.org/document/current/cn/quick-start/shardingsphere-proxy-quick-start/)



## Step 4 : è¿æ¥shardingsphere-proxyå¹¶æ“ä½œ

![æ•°æ®åº“è§†å›¾](../../picture/shardingsphere-proxy-database-view.jpg)

#### ğŸ‘‰ è¿æ¥

```
 ~ î‚° mysql -h127.0.0.1 -P13306 -u sharding -p --comments
Enter password:
Welcome to the MySQL monitor.  Commands end with ; or \g.
Your MySQL connection id is 4
Server version: 5.7.22-ShardingSphere-Proxy 5.4.1 Source distribution

Copyright (c) 2000, 2021, Oracle and/or its affiliates.

Oracle is a registered trademark of Oracle Corporation and/or its
affiliates. Other names may be trademarks of their respective
owners.

Type 'help;' or '\h' for help. Type '\c' to clear the current input statement.

mysql> use sharding_db_demo
Reading table information for completion of table and column names
You can turn off this feature to get a quicker startup with -A

Database changed
```

#### ğŸ‘‰ å¹¿æ’­è¡¨æµ‹è¯•

* æ•°æ®æ’å…¥

```
mysql> insert into t_area(code, name) values('200120','ä¸Šæµ·å¸‚æµ¦ä¸œæ–°åŒº');
ERROR 1364 (HY000): Field 'id' doesn't have a default value
mysql> insert into t_area(id, code, name) values('1','200120','ä¸Šæµ·å¸‚æµ¦ä¸œæ–°åŒº');
Query OK, 1 row affected (0.06 sec)
```

Shardingsphere æ—¥å¿—(åœ¨å„ä¸ªåº“ä¸­æ’å…¥è¯¥æ•°æ®)ï¼š

```
[INFO ] 2024-01-11 21:43:15.563 [ShardingSphere-Command-4] ShardingSphere-SQL - Logic SQL: insert into t_area(id, code, name) values('1','200120','ä¸Šæµ·å¸‚æµ¦ä¸œæ–°åŒº')
[INFO ] 2024-01-11 21:43:15.566 [ShardingSphere-Command-4] ShardingSphere-SQL - Actual SQL: ds_0 ::: insert into t_area(id, code, name) values('1', '200120', 'ä¸Šæµ·å¸‚æµ¦ä¸œæ–°åŒº')
[INFO ] 2024-01-11 21:43:15.567 [ShardingSphere-Command-4] ShardingSphere-SQL - Actual SQL: ds_1 ::: insert into t_area(id, code, name) values('1', '200120', 'ä¸Šæµ·å¸‚æµ¦ä¸œæ–°åŒº')
```

* æ•°æ®æŸ¥è¯¢

```
mysql> select * from t_area;
+----+--------+-----------------------+
| id | code   | name                  |
+----+--------+-----------------------+
|  1 | 200120 | ä¸Šæµ·å¸‚æµ¦ä¸œæ–°åŒº        |
+----+--------+-----------------------+
1 row in set (0.08 sec)
```

shardingsphereæ—¥å¿—(é€‰æ‹©å…¶ä¸­ä¸€ä¸ªæ•°æ®åº“æŸ¥è¯¢å¹¶è¿”å›æ•°æ®) :

```
[INFO ] 2024-01-11 21:50:06.436 [ShardingSphere-Command-5] ShardingSphere-SQL - Logic SQL: select * from t_area
[INFO ] 2024-01-11 21:50:06.439 [ShardingSphere-Command-5] ShardingSphere-SQL - Actual SQL: ds_1 ::: select * from t_area
```

#### ğŸ‘‰ ç”¨æˆ·è¡¨(ä»…åˆ†åº“çš„è¡¨)æµ‹è¯•

* ç”¨æˆ·æ•°æ®æ’å…¥

```
mysql> insert into t_account(user_code,name,phone,pwd) values ('leon', 'ç‹å…ˆæ£®', '131xxxxxxxx', 'pwd');
Query OK, 1 row affected (0.43 sec)

mysql> insert into t_account(user_code,name,phone,pwd) values ('leon2', 'ç‹å…ˆæ£®', '131xxxxxxxx', 'pwd');
Query OK, 1 row affected (0.08 sec)
```

shardingsphereæ—¥å¿—(æ ¹æ®account_idè¿›è¡Œåˆ†ç‰‡)

```
[INFO ] 2024-01-11 22:00:06.331 [ShardingSphere-Command-7] ShardingSphere-SQL - Logic SQL: insert into t_account(user_code,name,phone,pwd) values ('leon', 'ç‹å…ˆæ£®', '131xxxxxxxx', 'pwd')
[INFO ] 2024-01-11 22:00:06.333 [ShardingSphere-Command-7] ShardingSphere-SQL - Actual SQL: ds_0 ::: insert into t_account(user_code,name,phone,pwd, account_id) values ('leon', 'ç‹å…ˆæ£®', '131xxxxxxxx', 'pwd', 952325136957046784)
[INFO ] 2024-01-11 22:01:43.567 [ShardingSphere-Command-8] ShardingSphere-SQL - Logic SQL: insert into t_account(user_code,name,phone,pwd) values ('leon2', 'ç‹å…ˆæ£®', '131xxxxxxxx', 'pwd')
[INFO ] 2024-01-11 22:01:43.577 [ShardingSphere-Command-8] ShardingSphere-SQL - Actual SQL: ds_1 ::: insert into t_account(user_code,name,phone,pwd, account_id) values ('leon2', 'ç‹å…ˆæ£®', '131xxxxxxxx', 'pwd', 952325546170122241)
```

* ç”¨æˆ·æ•°æ®æŸ¥è¯¢

```
mysql> select * from t_account where account_id=952325136957046784;
+--------------------+-----------+-----------+-------------+-----+
| account_id         | user_code | name      | phone       | pwd |
+--------------------+-----------+-----------+-------------+-----+
| 952325136957046784 | leon      | ç‹å…ˆæ£®    | 131xxxxxxxx | pwd |
+--------------------+-----------+-----------+-------------+-----+
1 row in set (0.10 sec)

mysql> select * from t_account where account_id >= 952325136957046784;
+--------------------+-----------+-----------+-------------+-----+
| account_id         | user_code | name      | phone       | pwd |
+--------------------+-----------+-----------+-------------+-----+
| 952325136957046784 | leon      | ç‹å…ˆæ£®    | 131xxxxxxxx | pwd |
| 952325546170122241 | leon2     | ç‹å…ˆæ£®    | 131xxxxxxxx | pwd |
+--------------------+-----------+-----------+-------------+-----+
2 rows in set (0.23 sec)
```

shardingsphereæ—¥å¿—(æ ¹æ®account_idæ‰€åœ¨åˆ†ç‰‡è¿›è¡ŒæŸ¥è¯¢)

```
[INFO ] 2024-01-11 22:06:49.590 [ShardingSphere-Command-10] ShardingSphere-SQL - Logic SQL: select * from t_account where account_id=952325136957046784
[INFO ] 2024-01-11 22:06:49.600 [ShardingSphere-Command-10] ShardingSphere-SQL - Actual SQL: ds_0 ::: select * from t_account where account_id=952325136957046784


[INFO ] 2024-01-11 22:09:01.092 [ShardingSphere-Command-11] ShardingSphere-SQL - Logic SQL: select * from t_account where account_id >= 952325136957046784
[INFO ] 2024-01-11 22:09:01.107 [ShardingSphere-Command-11] ShardingSphere-SQL - Actual SQL: ds_0 ::: select * from t_account where account_id >= 952325136957046784
[INFO ] 2024-01-11 22:09:01.108 [ShardingSphere-Command-11] ShardingSphere-SQL - Actual SQL: ds_1 ::: select * from t_account where account_id >= 952325136957046784
```

ğŸ”¥ æ³¨æ„ï¼šå¦‚æœæŸ¥è¯¢æ¡ä»¶æ²¡æœ‰åˆ†ç‰‡é”®å€¼ä½¿ç”¨å­—ç¬¦ä¸²ä¼šæŠ¥é”™

```
mysql> select * from t_account where account_id='952325136957046784';
ERROR 20082 (44000): Inline sharding algorithms expression `ds_${account_id % 2}` and sharding column `account_id` do not match.
```

#### ğŸ‘‰ è®¢å•è¡¨(åˆ†åº“ä¸”åˆ†è¡¨)æµ‹è¯•

* è®¢å•æ•°æ®æ’å…¥

```
mysql> insert into t_order(account_id, description, create_at) values (952325136957046784, 'æè¿°', now());
Query OK, 1 row affected (0.57 sec)

mysql> insert into t_order(account_id, description, create_at) values (952325546170122241, 'æè¿°-952325546170122241', now());
Query OK, 1 row affected (0.03 sec)

mysql> insert into t_order(account_id, description, create_at) values (952325546170122241, 'æè¿°-952325546170122241-2', now());
Query OK, 1 row affected (0.02 sec)

mysql> insert into t_order(account_id, description, create_at) values (952325546170122241, 'æè¿°-952325546170122241-3', now());
Query OK, 1 row affected (0.07 sec)
```

shardingsphereæ—¥å¿—(æ ¹æ®account_idå’Œorder_idæ‰€åœ¨åˆ†ç‰‡è¿›è¡Œåˆ†ç‰‡æ’å…¥)

```
[INFO ] 2024-01-11 22:17:19.215 [ShardingSphere-Command-12] ShardingSphere-SQL - Logic SQL: insert into t_order(account_id, description, create_at) values (952325136957046784, 'æè¿°', now())
[INFO ] 2024-01-11 22:17:19.226 [ShardingSphere-Command-12] ShardingSphere-SQL - Actual SQL: ds_0 ::: insert into t_order_0(account_id, description, create_at, order_id) values (952325136957046784, 'æè¿°', now(), 952329469211705344)
[INFO ] 2024-01-11 22:18:25.028 [ShardingSphere-Command-13] ShardingSphere-SQL - Logic SQL: insert into t_order(account_id, description, create_at) values (952325546170122241, 'æè¿°-952325546170122241', now())
[INFO ] 2024-01-11 22:18:25.038 [ShardingSphere-Command-13] ShardingSphere-SQL - Actual SQL: ds_1 ::: insert into t_order_0(account_id, description, create_at, order_id) values (952325546170122241, 'æè¿°-952325546170122241', now(), 952329746614583296)
[INFO ] 2024-01-11 22:19:32.380 [ShardingSphere-Command-14] ShardingSphere-SQL - Logic SQL: insert into t_order(account_id, description, create_at) values (952325546170122241, 'æè¿°-952325546170122241-2', now())
[INFO ] 2024-01-11 22:19:32.383 [ShardingSphere-Command-14] ShardingSphere-SQL - Actual SQL: ds_1 ::: insert into t_order_0(account_id, description, create_at, order_id) values (952325546170122241, 'æè¿°-952325546170122241-2', now(), 952330029121929216)
[INFO ] 2024-01-11 22:19:54.512 [ShardingSphere-Command-14] ShardingSphere-SQL - Logic SQL: insert into t_order(account_id, description, create_at) values (952325546170122241, 'æè¿°-952325546170122241-3', now())
[INFO ] 2024-01-11 22:19:54.512 [ShardingSphere-Command-14] ShardingSphere-SQL - Actual SQL: ds_1 ::: insert into t_order_1(account_id, description, create_at, order_id) values (952325546170122241, 'æè¿°-952325546170122241-3', now(), 952330121950265345)
```

* è®¢å•æ•°æ®è¡¨æŸ¥è¯¢

ä¸€ä¸ªåˆ†ç‰‡é”®æŸ¥è¯¢

```
mysql> select * from t_order where account_id=952325546170122241;
+--------------------+--------------------+-----------------------------+---------------------+
| order_id           | account_id         | description                 | create_at           |
+--------------------+--------------------+-----------------------------+---------------------+
| 952329746614583296 | 952325546170122241 | æè¿°-952325546170122241     | 2024-01-11 22:18:25 |
| 952330029121929216 | 952325546170122241 | æè¿°-952325546170122241-2   | 2024-01-11 22:19:32 |
| 952330121950265345 | 952325546170122241 | æè¿°-952325546170122241-3   | 2024-01-11 22:19:54 |
+--------------------+--------------------+-----------------------------+---------------------+
3 rows in set (0.04 sec)
```

shardingsphereæ—¥å¿—

```
[INFO ] 2024-01-11 22:23:16.422 [ShardingSphere-Command-15] ShardingSphere-SQL - Logic SQL: select * from t_order where account_id=952325546170122241
[INFO ] 2024-01-11 22:23:16.423 [ShardingSphere-Command-15] ShardingSphere-SQL - Actual SQL: ds_1 ::: select * from t_order_0 where account_id=952325546170122241 UNION ALL select * from t_order_1 where account_id=952325546170122241
```

ä¸¤ä¸ªåˆ†ç‰‡é”®æŸ¥è¯¢

```
mysql> select * from t_order where account_id=952325546170122241 and order_id=952329746614583296;
+--------------------+--------------------+---------------------------+---------------------+
| order_id           | account_id         | description               | create_at           |
+--------------------+--------------------+---------------------------+---------------------+
| 952329746614583296 | 952325546170122241 | æè¿°-952325546170122241   | 2024-01-11 22:18:25 |
+--------------------+--------------------+---------------------------+---------------------+
1 row in set (0.02 sec)
```

shardingsphereæ—¥å¿—

```
[INFO ] 2024-01-11 22:24:46.329 [ShardingSphere-Command-16] ShardingSphere-SQL - Logic SQL: select * from t_order where account_id=952325546170122241 and order_id=952329746614583296
[INFO ] 2024-01-11 22:24:46.331 [ShardingSphere-Command-16] ShardingSphere-SQL - Actual SQL: ds_1 ::: select * from t_order_0 where account_id=952325546170122241 and order_id=952329746614583296
```



## demoæ€»ç»“

* æ•°æ®åº“ä¸è¡¨éœ€è¦æ‰‹åŠ¨åˆ›å»º

* æ”¯æŒä»…åˆ†åº“/ä»…åˆ†è¡¨/åˆ†åº“+åˆ†è¡¨

* å‚ä¸åˆ†åº“å’Œåˆ†è¡¨çš„è¡¨éœ€è¦åŒ…å«å…¨éƒ¨åˆ†ç‰‡é”®ã€‚æ¯”å¦‚è¯¥ç¤ºä¾‹ä¸­å¦‚æœt_order_itemè¡¨ä¸­ä¸åŒ…å«account_idåœ¨æ’å…¥æ•°æ®æ—¶å°†å‡ºç°å¦‚ä¸‹é”™è¯¯ä¿¡æ¯ï¼š

  ```
  mysql> insert into t_order_item(order_id, product_code, number) values (952329746614583296, 'PCODE-001', 1);
  ERROR 20087 (44000): Please check your sharding conditions `ShardingConditions(conditions=[ShardingCondition(values=[t_order_item.order_id = 952329746614583296], startIndex=0)], sqlStatementContext=org.apache.shardingsphere.infra.binder.context.statement.dml.InsertStatementContext@55f8f25f, rule=org.apache.shardingsphere.sharding.rule.ShardingRule@342e690b, subqueryContainsShardingCondition=true)` to avoid same record in table `t_order_item` routing to multiple data nodes.
  ```

## å¯èƒ½ç¢°åˆ°çš„é—®é¢˜

* åœ¨æŸ¥è¯¢æ—¶å¦‚æœwhereæ¡ä»¶ä¸­æ²¡æœ‰åˆ†ç‰‡é”®æŠ¥é”™ï¼šNot allow DML operation without sharding conditionsè§£å†³ï¼Œå‚è€ƒhttps://tech.hiofd.com/not-allow-dml-operation-without-sharding-conditions-solved/ , ç¤ºä¾‹é…ç½®ä¸­å·²ç»è°ƒæ•´ï¼Œä»…éœ€è¦åœ¨æŸ¥è¯¢æ—¶é€šè¿‡æ³¨é‡Šæ–¹å¼ä¿®æ”¹é™åˆ¶(å‚è€ƒè¿æ¥shardingsphereéƒ¨åˆ†)
